// Jest Snapshot v1, https://goo.gl/fbAQLP

exports[`ExternalLogout rendering renders ExternalLogout 1`] = `
<div>
  <div
    class="external-logout"
    style="background-image: url(/some-background);"
  >
    <div
      class="grid"
    >
      <div
        class="gridItem"
      >
        <header
          class="login-pf-page-header"
        >
          <img
            alt="logo"
            class="brand"
            src="/some-logo"
          />
          <div
            class="login-pf-caption"
          >
            <h1
              id="title"
            >
              Welcome
            </h1>
            <p
              id="login_text"
            >
              some caption
            </p>
          </div>
        </header>
        <a
          class="button login-pf-submit-button"
          data-ouia-component-id="login-pf-submit-button"
          data-ouia-component-type="PF6/Button"
          data-ouia-safe="true"
          href="some link"
        >
          <span
            class="pf-v6-c-button__text"
          >
            Click to log in again
          </span>
        </a>
      </div>
    </div>
  </div>
</div>
`;
