// Jest Snapshot v1, https://goo.gl/fbAQLP

exports[`EditorRadioButton renders EditorRadioButton 1`] = `
<div>
  <li
    class="active"
    id="input-navitem"
  >
    <button
      aria-disabled="false"
      class="pf-v5-c-button pf-m-link pf-m-inline"
      data-ouia-component-id="OUIA-Generated-Button-link-1"
      data-ouia-component-type="PF5/Button"
      data-ouia-safe="true"
      type="button"
    >
      Editor
    </button>
  </li>
</div>
`;
