// Jest Snapshot v1, https://goo.gl/fbAQLP

exports[`EditorOptions EditorOptions renders EditorOptions 1`] = `
<div
  id="editor-dropdowns"
>
  <h4
    id="divider"
  >
    |
  </h4>
  <Tooltip
    content="Revert Local Changes"
    position="top"
  >
    <Button
      className="editor-button"
      id="undo-btn"
      onClick={[Function]}
      variant="link"
    >
      <Icon
        size="md"
      >
        <UndoIcon />
      </Icon>
    </Button>
  </Tooltip>
  <Tooltip
    content="Import File"
    position="top"
  >
    <Button
      className="import-button"
      id="import-btn"
      isDisabled={false}
      onClick={[Function]}
      variant="link"
    >
      <Icon
        size="md"
      >
        <UploadIcon />
      </Icon>
      <input
        className="hidden"
        onChange={[Function]}
        type="file"
      />
    </Button>
  </Tooltip>
  <EditorSettings
    autocompletion={true}
    changeSetting={[Function]}
    keyBinding="Default"
    keyBindings={
      Array [
        "Default",
        "Emacs",
        "Vim",
      ]
    }
    liveAutocompletion={false}
    mode="Ruby"
    modes={
      Array [
        "Text",
        "Json",
        "Ruby",
        "Html_ruby",
        "Sh",
        "Xml",
        "Yaml",
      ]
    }
    selectedView="input"
    theme="Monokai"
    themes={
      Array [
        "Github",
        "Monokai",
      ]
    }
  />
  <Tooltip
    content="Maximize"
    position="top"
  >
    <Button
      className="editor-button"
      id="fullscreen-btn"
      onClick={[Function]}
      variant="link"
    >
      <Icon
        size="md"
      >
        <ArrowsAltIcon />
      </Icon>
    </Button>
  </Tooltip>
</div>
`;
