// Jest Snapshot v1, https://goo.gl/fbAQLP

exports[`RegistrationCommandsPage - Command renders 1`] = `
<div>
  <div
    class="formGroup"
  >
    <div
      class="formGroupLabel"
    >
      <label
        class="formLabel"
      >
        <span
          class="formLabelText"
        >
          Registration command
        </span>
      </label>
        
    </div>
    <div
      class="formGroupControl"
    >
      <div
        class="clipboardCopy"
        data-ouia-component-type="PF6/ClipboardCopy"
        data-ouia-safe="true"
      >
        <div
          class="clipboardCopyGroup"
        >
          <button
            aria-controls="content-1"
            aria-expanded="true"
            aria-label="Show content"
            class="button"
            data-ouia-component-id="OUIA-Generated-Button-control-1"
            data-ouia-component-type="PF6/Button"
            data-ouia-safe="true"
            id="toggle-1"
            type="button"
          >
            <span
              class="buttonIcon"
            >
              <div
                class="clipboardCopyToggleIcon"
              >
                <svg
                  aria-hidden="true"
                  class="pf-v6-svg"
                  fill="currentColor"
                  height="1em"
                  role="img"
                  viewBox="0 0 256 512"
                  width="1em"
                >
                  <path
                    d="M224.3 273l-136 136c-9.4 9.4-24.6 9.4-33.9 0l-22.6-22.6c-9.4-9.4-9.4-24.6 0-33.9l96.4-96.4-96.4-96.4c-9.4-9.4-9.4-24.6 0-33.9L54.3 103c9.4-9.4 24.6-9.4 33.9 0l136 136c9.5 9.4 9.5 24.6.1 34z"
                  />
                </svg>
              </div>
            </span>
          </button>
          <span
            class="formControl"
          >
            <input
              aria-invalid="false"
              aria-label="Copyable input"
              data-ouia-component-id="OUIA-Generated-TextInputBase-1"
              data-ouia-component-type="PF6/TextInput"
              data-ouia-safe="true"
              dir="ltr"
              id="text-input-1"
              readonly=""
              type="text"
              value="command"
            />
          </span>
          <button
            aria-label="Copy to clipboard"
            class="button"
            data-ouia-component-id="OUIA-Generated-Button-control-2"
            data-ouia-component-type="PF6/Button"
            data-ouia-safe="true"
            id="copy-button-1"
            type="button"
          >
            <span
              class="buttonIcon"
            >
              <svg
                aria-hidden="true"
                class="pf-v6-svg"
                fill="currentColor"
                height="1em"
                role="img"
                viewBox="0 0 448 512"
                width="1em"
              >
                <path
                  d="M320 448v40c0 13.255-10.745 24-24 24H24c-13.255 0-24-10.745-24-24V120c0-13.255 10.745-24 24-24h72v296c0 30.879 25.121 56 56 56h168zm0-344V0H152c-13.255 0-24 10.745-24 24v368c0 13.255 10.745 24 24 24h272c13.255 0 24-10.745 24-24V128H344c-13.2 0-24-10.8-24-24zm120.971-31.029L375.029 7.029A24 24 0 0 0 358.059 0H352v96h96v-6.059a24 24 0 0 0-7.029-16.97z"
                />
              </svg>
            </span>
          </button>
        </div>
        <div
          class="clipboardCopyExpandableContent"
          contenteditable="false"
          id="content-1"
        >
          <pre
            dir="ltr"
          >
            command
          </pre>
        </div>
      </div>
    </div>
  </div>
</div>
`;
