// Jest Snapshot v1, https://goo.gl/fbAQLP

exports[`RegistrationCommandsPage fields - HostGroup renders 1`] = `
<div>
  <div
    class="formGroup"
  >
    <div
      class="formGroupLabel"
    >
      <label
        class="formLabel"
        for="reg_host_group"
      >
        <span
          class="formLabelText"
        >
          Host group
        </span>
      </label>
        
    </div>
    <div
      class="formGroupControl"
    >
      <span
        class="formControl without_select2"
      >
        <select
          aria-invalid="false"
          data-ouia-component-id="reg_host_group"
          data-ouia-component-type="PF6/FormSelect"
          data-ouia-safe="true"
          id="reg_host_group"
        >
          <option
            class=""
            value=""
          />
          <option
            class=""
            value="0"
          >
            test_hg
          </option>
        </select>
        <span
          class="formControlUtilities"
        >
          <span
            class="formControlToggleIcon"
          >
            <svg
              aria-hidden="true"
              class="pf-v6-svg"
              fill="currentColor"
              height="1em"
              role="img"
              viewBox="0 0 320 512"
              width="1em"
            >
              <path
                d="M31.3 192h257.3c17.8 0 26.7 21.5 14.1 34.1L174.1 354.8c-7.8 7.8-20.5 7.8-28.3 0L17.2 226.1C4.6 213.5 13.5 192 31.3 192z"
              />
            </svg>
          </span>
        </span>
      </span>
    </div>
  </div>
</div>
`;
