// Jest Snapshot v1, https://goo.gl/fbAQLP

exports[`ExpansiveView rendering render audit record changes 1`] = `
<div>
  <div
    class="grid-container"
  >
    <div
      class=""
      id="diff-container"
    >
      <div
        aria-label="editor-diff-buttons"
        class="toggleGroup"
        id="diff-toggle-buttons"
        role="group"
      >
        <div
          class="toggleGroupItem diff-button"
        >
          <button
            aria-pressed="true"
            class="toggleGroupButton"
            id="split-btn"
            type="button"
          >
            <span
              class="toggleGroupText"
            >
              Split
            </span>
          </button>
        </div>
        <div
          class="toggleGroupItem diff-button"
        >
          <button
            aria-pressed="false"
            class="toggleGroupButton"
            id="unified-btn"
            type="button"
          >
            <span
              class="toggleGroupText"
            >
              Unified
            </span>
          </button>
        </div>
      </div>
      <div
        aria-label="diff-table"
        id="diff-table"
        role="table"
      >
        <table
          class="diff diff-split"
        >
          <colgroup>
            <col
              class="diff-gutter-col"
            />
            <col />
            <col
              class="diff-gutter-col"
            />
            <col />
          </colgroup>
          <tbody
            class="diff-hunk"
          >
            <tr
              class="diff-line diff-line-compare"
            >
              <td
                class="diff-gutter diff-gutter-delete"
              >
                1
              </td>
              <td
                class="diff-code diff-code-delete"
              >
                &lt;h1&gt;Hello..&lt;/h1&gt;
              </td>
              <td
                class="diff-gutter diff-gutter-insert"
              >
                1
              </td>
              <td
                class="diff-code diff-code-insert"
              >
                &lt;h1&gt;Hello World..&lt;/h1&gt;
              </td>
            </tr>
          </tbody>
        </table>
      </div>
    </div>
    <table
      class="table-changes table table-bordered table-hover"
    >
      <tbody>
        <tr>
          <td
            class="col-6 col-md-4"
          >
            <div>
              Name
            </div>
          </td>
          <td
            class="col-6 col-md-4 show-old"
          >
            <div
              class="show-old"
            >
              <p>
                temp1
              </p>
            </div>
          </td>
          <td
            class="col-6 col-md-4 show-new"
          >
            <div
              class="show-new"
            >
              <p>
                temp2
              </p>
            </div>
          </td>
        </tr>
      </tbody>
    </table>
    <div
      class="details-row comment-section"
    >
      <p
        class="comment-title"
      >
        <strong>
          Comments
        </strong>
      </p>
      <p
        class="comment-desc"
      >
        This is just test audit record
      </p>
    </div>
  </div>
</div>
`;
