// Jest Snapshot v1, https://goo.gl/fbAQLP

exports[`ShowOrgsLocs render organizations and locations 1`] = `
<div>
  <div
    class="gridItem taxonomy-section"
  >
    <div
      class="grid"
    >
      <div
        class="gridItem"
      >
        <span>
          Affected Organizations
        </span>
      </div>
      <div
        class="gridItem"
      >
        <strong>
          <a
            class="button apply-comma "
            data-ouia-component-id="taxonomy-inline-btn"
            data-ouia-component-type="PF6/Button"
            data-ouia-safe="true"
            href="/organizations/1-testOrg/edit"
          >
            <span
              class="pf-v6-c-button__text"
            >
              testOrg
            </span>
          </a>
          <a
            aria-disabled="true"
            class="button apply-comma disabled"
            data-ouia-component-id="taxonomy-inline-btn"
            data-ouia-component-type="PF6/Button"
            data-ouia-safe="true"
            href="#"
            tabindex="-1"
          >
            <span
              class="pf-v6-c-button__text"
            >
              testOrg2
            </span>
          </a>
        </strong>
      </div>
    </div>
    <div
      class="grid"
    >
      <div
        class="gridItem"
      >
        <span>
          Affected Locations
        </span>
      </div>
      <div
        class="gridItem"
      >
        <strong>
          <a
            class="button apply-comma "
            data-ouia-component-id="taxonomy-inline-btn"
            data-ouia-component-type="PF6/Button"
            data-ouia-safe="true"
            href="/locations/1-testLoc/edit"
          >
            <span
              class="pf-v6-c-button__text"
            >
              testLoc
            </span>
          </a>
        </strong>
      </div>
    </div>
  </div>
</div>
`;
