// Jest Snapshot v1, https://goo.gl/fbAQLP

exports[`ForemanModal rendering renders default header child when title prop is present 1`] = `
<div
  aria-hidden="true"
/>
`;

exports[`ForemanModal rendering renders the supplied header child when title prop is not present 1`] = `
<div
  aria-hidden="true"
/>
`;

exports[`ForemanModal rendering renders when header and footer are supplied 1`] = `
<div
  aria-hidden="true"
/>
`;

exports[`ForemanModal rendering renders without header when neither <ForemanModal.Header> nor title prop are present 1`] = `
<div
  aria-hidden="true"
/>
`;

exports[`ForemanModal rendering should render 1`] = `
<div
  aria-hidden="true"
/>
`;

exports[`ForemanModal rendering should render closed 1`] = `<div />`;
