// Jest Snapshot v1, https://goo.gl/fbAQLP

exports[`Foreman form helper functions should format errors 1`] = `
Object {
  "_error": undefined,
  "errors": Object {
    "email": Array [
      "is not a valid format",
    ],
    "name": Array [
      "is already taken",
      "is too short",
    ],
    "phone": Array [
      "is too long",
    ],
  },
}
`;

exports[`Foreman form helper functions should recognize invalid initial values 1`] = `false`;

exports[`Foreman form helper functions should recognize valid initial values 1`] = `true`;

exports[`ForemanForm render foreman form with fields 1`] = `
<div>
  <form
    class="form-horizontal well"
  >
    <div
      class="form-group  "
    >
      <label
        class="col-md-2 control-label"
      >
        name
         *
      </label>
      <div
        class="col-md-4"
      >
        <input
          class="form-control"
          name="name"
          type="text"
          value="Charles"
        />
      </div>
    </div>
    <div
      class="form-group  "
    >
      <label
        class="col-md-2 control-label"
      >
        surname
      </label>
      <div
        class="col-md-4"
      >
        <input
          class="form-control"
          name="surname"
          type="text"
          value="Lindbergh"
        />
      </div>
    </div>
    <div
      class="clearfix"
    >
      <div
        class="form-actions"
      >
        <button
          class="button"
          data-ouia-component-id="OUIA-Generated-Button-primary-1"
          data-ouia-component-type="PF6/Button"
          data-ouia-safe="true"
          disabled=""
          type="submit"
        >
          <span
            class="pf-v6-c-button__text"
          >
             
            Submit
          </span>
        </button>
         
        <button
          class="button"
          data-ouia-component-id="OUIA-Generated-Button-secondary-1"
          data-ouia-component-type="PF6/Button"
          data-ouia-safe="true"
          type="button"
        >
          <span
            class="pf-v6-c-button__text"
          >
            Cancel
          </span>
        </button>
      </div>
    </div>
  </form>
</div>
`;
