// Jest Snapshot v1, https://goo.gl/fbAQLP

exports[`RedirectCancelButton renders correctly 1`] = `
<div>
  <div
    class="component-with-mocked-routes"
  >
    <a
      href="/hosts"
    >
      <button
        class="button"
        data-ouia-component-id="OUIA-Generated-Button-link-1"
        data-ouia-component-type="PF6/Button"
        data-ouia-safe="true"
        type="button"
      >
        <span
          class="pf-v6-c-button__text"
        >
          Cancel
        </span>
      </button>
    </a>
  </div>
</div>
`;
